15:23:47 **** Incremental Build of configuration Debug for project CRS RC Car uC UFQ 32-pin ****
make -j4 all 
arm-none-eabi-gcc "../Core/Src/main.c" -mcpu=cortex-m0plus -std=gnu11 -g3 -DDEBUG -DUSE_HAL_DRIVER -DSTM32L011xx -c -I../Core/Inc -I../Drivers/STM32L0xx_HAL_Driver/Inc -I../Drivers/STM32L0xx_HAL_Driver/Inc/Legacy -I../Drivers/CMSIS/Device/ST/STM32L0xx/Include -I../Drivers/CMSIS/Include -O0 -ffunction-sections -fdata-sections -Wall -fstack-usage -MMD -MP -MF"Core/Src/main.d" -MT"Core/Src/main.o" --specs=nano.specs -mfloat-abi=soft -mthumb -o "Core/Src/main.o"
arm-none-eabi-gcc -o "CRS RC Car uC UFQ 32-pin.elf" @"objects.list"   -mcpu=cortex-m0plus -T"C:\Users\Marcus\Documents\GitHub\CRS_uC\CRS RC Car uC UFQ 32-pin\STM32L011K4UX_FLASH.ld" --specs=nosys.specs -Wl,-Map="CRS RC Car uC UFQ 32-pin.map" -Wl,--gc-sections -static --specs=nano.specs -mfloat-abi=soft -mthumb -Wl,--start-group -lc -lm -Wl,--end-group
Finished building target: CRS RC Car uC UFQ 32-pin.elf
 
arm-none-eabi-size   CRS\ RC\ Car\ uC\ UFQ\ 32-pin.elf 
arm-none-eabi-objdump -h -S  CRS\ RC\ Car\ uC\ UFQ\ 32-pin.elf  > "CRS RC Car uC UFQ 32-pin.list"
arm-none-eabi-objcopy  -O binary  CRS\ RC\ Car\ uC\ UFQ\ 32-pin.elf  "CRS RC Car uC UFQ 32-pin.bin"
   text	   data	    bss	    dec	    hex	filename
  12828	     28	   1740	  14596	   3904	CRS RC Car uC UFQ 32-pin.elf
Finished building: default.size.stdout
 
Finished building: CRS RC Car uC UFQ 32-pin.bin
 
Finished building: CRS RC Car uC UFQ 32-pin.list
 

15:23:48 Build Finished. 0 errors, 0 warnings. (took 1s.291ms)

