14:40:31 **** Incremental Build of configuration Debug for project CRS RC Car uC UFQ 32-pin ****
make -j4 all 
arm-none-eabi-size   CRS\ RC\ Car\ uC\ UFQ\ 32-pin.elf 
   text	   data	    bss	    dec	    hex	filename
  14084	     36	   1820	  15940	   3e44	CRS RC Car uC UFQ 32-pin.elf
Finished building: default.size.stdout
 
14:40:42 **** Incremental Build of configuration Debug for project CRS RC Car uC UFQ 32-pin ****
make -j4 all 
arm-none-eabi-size   CRS\ RC\ Car\ uC\ UFQ\ 32-pin.elf 
   text	   data	    bss	    dec	    hex	filename
  14084	     36	   1820	  15940	   3e44	CRS RC Car uC UFQ 32-pin.elf
Finished building: default.size.stdout
 
14:51:01 **** Incremental Build of configuration Debug for project CRS RC Car uC UFQ 32-pin ****
make -j4 all 
arm-none-eabi-size   CRS\ RC\ Car\ uC\ UFQ\ 32-pin.elf 
   text	   data	    bss	    dec	    hex	filename
  14084	     36	   1820	  15940	   3e44	CRS RC Car uC UFQ 32-pin.elf
Finished building: default.size.stdout
 
12:10:20 **** Incremental Build of configuration Debug for project CRS RC Car uC UFQ 32-pin ****
make -j4 all 
arm-none-eabi-size   CRS\ RC\ Car\ uC\ UFQ\ 32-pin.elf 
   text	   data	    bss	    dec	    hex	filename
  14084	     36	   1820	  15940	   3e44	CRS RC Car uC UFQ 32-pin.elf
Finished building: default.size.stdout
 
14:15:48 **** Incremental Build of configuration Debug for project CRS RC Car uC UFQ 32-pin ****
make -j4 all 
arm-none-eabi-size   CRS\ RC\ Car\ uC\ UFQ\ 32-pin.elf 
   text	   data	    bss	    dec	    hex	filename
  14084	     36	   1820	  15940	   3e44	CRS RC Car uC UFQ 32-pin.elf
Finished building: default.size.stdout
 
14:17:05 **** Incremental Build of configuration Debug for project CRS RC Car uC UFQ 32-pin ****
make -j4 all 
arm-none-eabi-size   CRS\ RC\ Car\ uC\ UFQ\ 32-pin.elf 
   text	   data	    bss	    dec	    hex	filename
  14084	     36	   1820	  15940	   3e44	CRS RC Car uC UFQ 32-pin.elf
Finished building: default.size.stdout
 
14:18:10 **** Incremental Build of configuration Debug for project CRS RC Car uC UFQ 32-pin ****
make -j4 all 
arm-none-eabi-size   CRS\ RC\ Car\ uC\ UFQ\ 32-pin.elf 
   text	   data	    bss	    dec	    hex	filename
  14084	     36	   1820	  15940	   3e44	CRS RC Car uC UFQ 32-pin.elf
Finished building: default.size.stdout
 
14:19:16 **** Incremental Build of configuration Debug for project CRS RC Car uC UFQ 32-pin ****
make -j4 all 
arm-none-eabi-size   CRS\ RC\ Car\ uC\ UFQ\ 32-pin.elf 
   text	   data	    bss	    dec	    hex	filename
  14084	     36	   1820	  15940	   3e44	CRS RC Car uC UFQ 32-pin.elf
Finished building: default.size.stdout
 
